// Jest Snapshot v1, https://goo.gl/fbAQLP

exports[`ForecastSummary renders correctly 1`] = `
<DocumentFragment>
  <div
    class="forecast-summary"
    data-testid="forecast-summary"
  >
    <div
      class="forecast-summary__date"
    >
      Thu 1st Jan
    </div>
    <div
      class="forecast-summary__icon"
      data-testid="forecast-icon"
    >
      <i
        class="wi wi-day-sunny"
        name="owm"
      />
      800
    </div>
    <div
      class="forecast-summary__temperature"
    >
      22Â°C
    </div>
    <div
      class="forecast-summary__description"
    >
      Stub description
    </div>
  </div>
</DocumentFragment>
`;
